// Jest Snapshot v1, https://goo.gl/fbAQLP

exports[`Search page snapshot Renders correctly template 1`] = `
<div
  class="search-page"
>
  <div
    class="search-row"
  >
    <input
      class="search-input"
      minlength="3"
      placeholder="Search"
    />
    <svg
      class="icon"
      height="24"
      viewBox="0 0 24 24"
      width="24"
      xmlns="http://www.w3.org/2000/svg"
    >
      <path
        d="M7.127 22.562l-7.127 1.438 1.438-7.128 5.689 5.69zm1.414-1.414l11.228-11.225-5.69-5.692-11.227 11.227 5.689 5.69zm9.768-21.148l-2.816 2.817 5.691 5.691 2.816-2.819-5.691-5.689z"
      />
    </svg>
  </div>
  <div
    class="cards-block"
    id="cards-block"
  >
    <span
      class="no-match"
    >
      Your history is clean:c
    </span>
  </div>
</div>
`;
